============================= test session starts =============================
platform win32 -- Python 3.13.7, pytest-9.0.1, pluggy-1.6.0 -- C:\Users\mishr\AppData\Local\Programs\Python\Python313\python.exe
cachedir: .pytest_cache
django: version: 5.2.6, settings: core.settings (from ini)
rootdir: C:\AI\agri_advisory_app
configfile: pytest.ini
plugins: anyio-4.10.0, django-4.11.1
collecting ... collected 49 items / 40 deselected / 9 selected

advisory/tests/test_services_comprehensive.py::test_market_prices_location_resilience[Delhi-True] FAILED [ 11%]
advisory/tests/test_services_comprehensive.py::test_market_prices_location_resilience[Mumbai-True] FAILED [ 22%]
advisory/tests/test_services_comprehensive.py::test_market_prices_location_resilience[Bangalore-True] FAILED [ 33%]
advisory/tests/test_services_comprehensive.py::test_market_prices_location_resilience[Chennai-True] FAILED [ 44%]
advisory/tests/test_services_comprehensive.py::test_market_prices_location_resilience[Kolkata-True] FAILED [ 55%]
advisory/tests/test_services_comprehensive.py::test_market_prices_location_resilience[UnknownCity123-True] FAILED [ 66%]
advisory/tests/test_services_comprehensive.py::test_market_prices_location_resilience[-True] FAILED [ 77%]
advisory/tests/test_services_comprehensive.py::test_market_prices_location_resilience[   -True] FAILED [ 88%]
advisory/tests/test_services_comprehensive.py::test_market_prices_location_resilience[NonExistentPlace-True] FAILED [100%]

================================== FAILURES ===================================
_____________ test_market_prices_location_resilience[Delhi-True] ______________

location = 'Delhi', expected_valid = True

    @pytest.mark.parametrize("location, expected_valid", [
        ("Delhi", True),
        ("Mumbai", True),
        ("Bangalore", True),
        ("Chennai", True),
        ("Kolkata", True),
        ("UnknownCity123", True), # Should fall back to simulation
        ("", True), # Should handle empty string gracefully
        ("   ", True),
        ("NonExistentPlace", True),
    ])
    def test_market_prices_location_resilience(location, expected_valid):
        """Verify market price service handles any string input without crashing"""
        api = UltraDynamicGovernmentAPI()
        result = api.get_market_prices_v2(location)
        assert result['status'] == 'success'
>       assert 'market_prices' in result
E       AssertionError: assert 'market_prices' in {'data': {'commodities': [{'arrival_date': '07/12/2025', 'commodity': 'Wheat', 'max_price': 2688, 'min_price': 2488, ...}, {'arrival_date': '07/12/2025', 'commodity': 'Rice', 'max_price': 3240, 'min_price': 3040, ...}, {'arrival_date': '07/12/2025', 'commodity': 'Mustard', 'max_price': 5523, 'min_price': 5323, ...}, {'arrival_date': '07/12/2025', 'commodity': 'Potato', 'max_price': 1249, 'min_price': 1049, ...}, {'arrival_date': '07/12/2025', 'commodity': 'Onion', 'max_price': 3693, 'min_price': 3493, ...}, {'arrival_date': '07/12/2025', 'commodity': 'Tomato', 'max_price': 2895, 'min_price': 2695, ...}, ...], 'last_updated': '2025-12-07 00:03', 'location': 'Delhi', 'mandi': 'Delhi Mandi', ...}, 'source': 'Enhanced Market Simulation', 'status': 'success'}

advisory\tests\test_services_comprehensive.py:25: AssertionError
---------------------------- Captured stdout call -----------------------------
DEBUG: Attempting Agmarknet Fetch: https://agmarknet.gov.in/api/price?state=Delhi
DEBUG: Attempting e-NAM Fetch: https://enam.gov.in/api/market-prices?location=Delhi
------------------------------ Captured log call ------------------------------
WARNING  advisory.services.ultra_dynamic_government_api:ultra_dynamic_government_api.py:495 Agmarknet returned HTML, skipping parse
WARNING  advisory.services.ultra_dynamic_government_api:ultra_dynamic_government_api.py:528 No data found from real-time sources
ERROR    advisory.services.ultra_dynamic_government_api:ultra_dynamic_government_api.py:1587 Error in get_market_prices_v2: 'str' object has no attribute 'get'
_____________ test_market_prices_location_resilience[Mumbai-True] _____________

location = 'Mumbai', expected_valid = True

    @pytest.mark.parametrize("location, expected_valid", [
        ("Delhi", True),
        ("Mumbai", True),
        ("Bangalore", True),
        ("Chennai", True),
        ("Kolkata", True),
        ("UnknownCity123", True), # Should fall back to simulation
        ("", True), # Should handle empty string gracefully
        ("   ", True),
        ("NonExistentPlace", True),
    ])
    def test_market_prices_location_resilience(location, expected_valid):
        """Verify market price service handles any string input without crashing"""
        api = UltraDynamicGovernmentAPI()
        result = api.get_market_prices_v2(location)
        assert result['status'] == 'success'
>       assert 'market_prices' in result
E       AssertionError: assert 'market_prices' in {'data': {'commodities': [{'arrival_date': '07/12/2025', 'commodity': 'Wheat', 'max_price': 2514, 'min_price': 2314, ...}, {'arrival_date': '07/12/2025', 'commodity': 'Rice', 'max_price': 3260, 'min_price': 3060, ...}, {'arrival_date': '07/12/2025', 'commodity': 'Mustard', 'max_price': 5467, 'min_price': 5267, ...}, {'arrival_date': '07/12/2025', 'commodity': 'Potato', 'max_price': 1253, 'min_price': 1053, ...}, {'arrival_date': '07/12/2025', 'commodity': 'Onion', 'max_price': 3598, 'min_price': 3398, ...}, {'arrival_date': '07/12/2025', 'commodity': 'Tomato', 'max_price': 2983, 'min_price': 2783, ...}, ...], 'last_updated': '2025-12-07 00:03', 'location': 'Mumbai', 'mandi': 'Mumbai Mandi', ...}, 'source': 'Enhanced Market Simulation', 'status': 'success'}

advisory\tests\test_services_comprehensive.py:25: AssertionError
---------------------------- Captured stdout call -----------------------------
DEBUG: Attempting Agmarknet Fetch: https://agmarknet.gov.in/api/price?state=Mumbai
DEBUG: Attempting e-NAM Fetch: https://enam.gov.in/api/market-prices?location=Mumbai
------------------------------ Captured log call ------------------------------
WARNING  advisory.services.ultra_dynamic_government_api:ultra_dynamic_government_api.py:495 Agmarknet returned HTML, skipping parse
WARNING  advisory.services.ultra_dynamic_government_api:ultra_dynamic_government_api.py:528 No data found from real-time sources
ERROR    advisory.services.ultra_dynamic_government_api:ultra_dynamic_government_api.py:1587 Error in get_market_prices_v2: 'str' object has no attribute 'get'
___________ test_market_prices_location_resilience[Bangalore-True] ____________

location = 'Bangalore', expected_valid = True

    @pytest.mark.parametrize("location, expected_valid", [
        ("Delhi", True),
        ("Mumbai", True),
        ("Bangalore", True),
        ("Chennai", True),
        ("Kolkata", True),
        ("UnknownCity123", True), # Should fall back to simulation
        ("", True), # Should handle empty string gracefully
        ("   ", True),
        ("NonExistentPlace", True),
    ])
    def test_market_prices_location_resilience(location, expected_valid):
        """Verify market price service handles any string input without crashing"""
        api = UltraDynamicGovernmentAPI()
        result = api.get_market_prices_v2(location)
        assert result['status'] == 'success'
>       assert 'market_prices' in result
E       AssertionError: assert 'market_prices' in {'data': {'commodities': [{'arrival_date': '07/12/2025', 'commodity': 'Wheat', 'max_price': 2647, 'min_price': 2447, ...}, {'arrival_date': '07/12/2025', 'commodity': 'Rice', 'max_price': 3279, 'min_price': 3079, ...}, {'arrival_date': '07/12/2025', 'commodity': 'Mustard', 'max_price': 5582, 'min_price': 5382, ...}, {'arrival_date': '07/12/2025', 'commodity': 'Potato', 'max_price': 1229, 'min_price': 1029, ...}, {'arrival_date': '07/12/2025', 'commodity': 'Onion', 'max_price': 3579, 'min_price': 3379, ...}, {'arrival_date': '07/12/2025', 'commodity': 'Tomato', 'max_price': 2950, 'min_price': 2750, ...}, ...], 'last_updated': '2025-12-07 00:03', 'location': 'Bangalore', 'mandi': 'Bangalore Mandi', ...}, 'source': 'Enhanced Market Simulation', 'status': 'success'}

advisory\tests\test_services_comprehensive.py:25: AssertionError
---------------------------- Captured stdout call -----------------------------
DEBUG: Attempting Agmarknet Fetch: https://agmarknet.gov.in/api/price?state=Bangalore
DEBUG: Attempting e-NAM Fetch: https://enam.gov.in/api/market-prices?location=Bangalore
------------------------------ Captured log call ------------------------------
WARNING  advisory.services.ultra_dynamic_government_api:ultra_dynamic_government_api.py:495 Agmarknet returned HTML, skipping parse
WARNING  advisory.services.ultra_dynamic_government_api:ultra_dynamic_government_api.py:528 No data found from real-time sources
ERROR    advisory.services.ultra_dynamic_government_api:ultra_dynamic_government_api.py:1587 Error in get_market_prices_v2: 'str' object has no attribute 'get'
____________ test_market_prices_location_resilience[Chennai-True] _____________

location = 'Chennai', expected_valid = True

    @pytest.mark.parametrize("location, expected_valid", [
        ("Delhi", True),
        ("Mumbai", True),
        ("Bangalore", True),
        ("Chennai", True),
        ("Kolkata", True),
        ("UnknownCity123", True), # Should fall back to simulation
        ("", True), # Should handle empty string gracefully
        ("   ", True),
        ("NonExistentPlace", True),
    ])
    def test_market_prices_location_resilience(location, expected_valid):
        """Verify market price service handles any string input without crashing"""
        api = UltraDynamicGovernmentAPI()
        result = api.get_market_prices_v2(location)
        assert result['status'] == 'success'
>       assert 'market_prices' in result
E       AssertionError: assert 'market_prices' in {'data': {'commodities': [{'arrival_date': '07/12/2025', 'commodity': 'Wheat', 'max_price': 2556, 'min_price': 2356, ...}, {'arrival_date': '07/12/2025', 'commodity': 'Rice', 'max_price': 3382, 'min_price': 3182, ...}, {'arrival_date': '07/12/2025', 'commodity': 'Mustard', 'max_price': 5481, 'min_price': 5281, ...}, {'arrival_date': '07/12/2025', 'commodity': 'Potato', 'max_price': 1283, 'min_price': 1083, ...}, {'arrival_date': '07/12/2025', 'commodity': 'Onion', 'max_price': 3582, 'min_price': 3382, ...}, {'arrival_date': '07/12/2025', 'commodity': 'Tomato', 'max_price': 2840, 'min_price': 2640, ...}, ...], 'last_updated': '2025-12-07 00:03', 'location': 'Chennai', 'mandi': 'Chennai Mandi', ...}, 'source': 'Enhanced Market Simulation', 'status': 'success'}

advisory\tests\test_services_comprehensive.py:25: AssertionError
---------------------------- Captured stdout call -----------------------------
DEBUG: Attempting Agmarknet Fetch: https://agmarknet.gov.in/api/price?state=Chennai
DEBUG: Attempting e-NAM Fetch: https://enam.gov.in/api/market-prices?location=Chennai
------------------------------ Captured log call ------------------------------
WARNING  advisory.services.ultra_dynamic_government_api:ultra_dynamic_government_api.py:495 Agmarknet returned HTML, skipping parse
WARNING  advisory.services.ultra_dynamic_government_api:ultra_dynamic_government_api.py:528 No data found from real-time sources
ERROR    advisory.services.ultra_dynamic_government_api:ultra_dynamic_government_api.py:1587 Error in get_market_prices_v2: 'str' object has no attribute 'get'
____________ test_market_prices_location_resilience[Kolkata-True] _____________

location = 'Kolkata', expected_valid = True

    @pytest.mark.parametrize("location, expected_valid", [
        ("Delhi", True),
        ("Mumbai", True),
        ("Bangalore", True),
        ("Chennai", True),
        ("Kolkata", True),
        ("UnknownCity123", True), # Should fall back to simulation
        ("", True), # Should handle empty string gracefully
        ("   ", True),
        ("NonExistentPlace", True),
    ])
    def test_market_prices_location_resilience(location, expected_valid):
        """Verify market price service handles any string input without crashing"""
        api = UltraDynamicGovernmentAPI()
        result = api.get_market_prices_v2(location)
        assert result['status'] == 'success'
>       assert 'market_prices' in result
E       AssertionError: assert 'market_prices' in {'data': {'commodities': [{'arrival_date': '07/12/2025', 'commodity': 'Wheat', 'max_price': 2599, 'min_price': 2399, ...}, {'arrival_date': '07/12/2025', 'commodity': 'Rice', 'max_price': 3252, 'min_price': 3052, ...}, {'arrival_date': '07/12/2025', 'commodity': 'Mustard', 'max_price': 5494, 'min_price': 5294, ...}, {'arrival_date': '07/12/2025', 'commodity': 'Potato', 'max_price': 1269, 'min_price': 1069, ...}, {'arrival_date': '07/12/2025', 'commodity': 'Onion', 'max_price': 3544, 'min_price': 3344, ...}, {'arrival_date': '07/12/2025', 'commodity': 'Tomato', 'max_price': 2889, 'min_price': 2689, ...}, ...], 'last_updated': '2025-12-07 00:03', 'location': 'Kolkata', 'mandi': 'Kolkata Mandi', ...}, 'source': 'Enhanced Market Simulation', 'status': 'success'}

advisory\tests\test_services_comprehensive.py:25: AssertionError
---------------------------- Captured stdout call -----------------------------
DEBUG: Attempting Agmarknet Fetch: https://agmarknet.gov.in/api/price?state=Kolkata
DEBUG: Attempting e-NAM Fetch: https://enam.gov.in/api/market-prices?location=Kolkata
------------------------------ Captured log call ------------------------------
WARNING  advisory.services.ultra_dynamic_government_api:ultra_dynamic_government_api.py:495 Agmarknet returned HTML, skipping parse
WARNING  advisory.services.ultra_dynamic_government_api:ultra_dynamic_government_api.py:528 No data found from real-time sources
ERROR    advisory.services.ultra_dynamic_government_api:ultra_dynamic_government_api.py:1587 Error in get_market_prices_v2: 'str' object has no attribute 'get'
_________ test_market_prices_location_resilience[UnknownCity123-True] _________

location = 'UnknownCity123', expected_valid = True

    @pytest.mark.parametrize("location, expected_valid", [
        ("Delhi", True),
        ("Mumbai", True),
        ("Bangalore", True),
        ("Chennai", True),
        ("Kolkata", True),
        ("UnknownCity123", True), # Should fall back to simulation
        ("", True), # Should handle empty string gracefully
        ("   ", True),
        ("NonExistentPlace", True),
    ])
    def test_market_prices_location_resilience(location, expected_valid):
        """Verify market price service handles any string input without crashing"""
        api = UltraDynamicGovernmentAPI()
        result = api.get_market_prices_v2(location)
        assert result['status'] == 'success'
>       assert 'market_prices' in result
E       AssertionError: assert 'market_prices' in {'data': {'commodities': [{'arrival_date': '07/12/2025', 'commodity': 'Wheat', 'max_price': 2594, 'min_price': 2394, ...}, {'arrival_date': '07/12/2025', 'commodity': 'Rice', 'max_price': 3321, 'min_price': 3121, ...}, {'arrival_date': '07/12/2025', 'commodity': 'Mustard', 'max_price': 5590, 'min_price': 5390, ...}, {'arrival_date': '07/12/2025', 'commodity': 'Potato', 'max_price': 1322, 'min_price': 1122, ...}, {'arrival_date': '07/12/2025', 'commodity': 'Onion', 'max_price': 3520, 'min_price': 3320, ...}, {'arrival_date': '07/12/2025', 'commodity': 'Tomato', 'max_price': 2881, 'min_price': 2681, ...}, ...], 'last_updated': '2025-12-07 00:03', 'location': 'UnknownCity123', 'mandi': 'UnknownCity123 Mandi', ...}, 'source': 'Enhanced Market Simulation', 'status': 'success'}

advisory\tests\test_services_comprehensive.py:25: AssertionError
---------------------------- Captured stdout call -----------------------------
DEBUG: Attempting Agmarknet Fetch: https://agmarknet.gov.in/api/price?state=UnknownCity123
DEBUG: Attempting e-NAM Fetch: https://enam.gov.in/api/market-prices?location=UnknownCity123
------------------------------ Captured log call ------------------------------
WARNING  advisory.services.ultra_dynamic_government_api:ultra_dynamic_government_api.py:495 Agmarknet returned HTML, skipping parse
WARNING  advisory.services.ultra_dynamic_government_api:ultra_dynamic_government_api.py:528 No data found from real-time sources
ERROR    advisory.services.ultra_dynamic_government_api:ultra_dynamic_government_api.py:1587 Error in get_market_prices_v2: 'str' object has no attribute 'get'
________________ test_market_prices_location_resilience[-True] ________________

location = '', expected_valid = True

    @pytest.mark.parametrize("location, expected_valid", [
        ("Delhi", True),
        ("Mumbai", True),
        ("Bangalore", True),
        ("Chennai", True),
        ("Kolkata", True),
        ("UnknownCity123", True), # Should fall back to simulation
        ("", True), # Should handle empty string gracefully
        ("   ", True),
        ("NonExistentPlace", True),
    ])
    def test_market_prices_location_resilience(location, expected_valid):
        """Verify market price service handles any string input without crashing"""
        api = UltraDynamicGovernmentAPI()
        result = api.get_market_prices_v2(location)
        assert result['status'] == 'success'
>       assert 'market_prices' in result
E       AssertionError: assert 'market_prices' in {'data': {'commodities': [{'arrival_date': '07/12/2025', 'commodity': 'Wheat', 'max_price': 2585, 'min_price': 2385, ...}, {'arrival_date': '07/12/2025', 'commodity': 'Rice', 'max_price': 3281, 'min_price': 3081, ...}, {'arrival_date': '07/12/2025', 'commodity': 'Mustard', 'max_price': 5533, 'min_price': 5333, ...}, {'arrival_date': '07/12/2025', 'commodity': 'Potato', 'max_price': 1354, 'min_price': 1154, ...}, {'arrival_date': '07/12/2025', 'commodity': 'Onion', 'max_price': 3670, 'min_price': 3470, ...}, {'arrival_date': '07/12/2025', 'commodity': 'Tomato', 'max_price': 2964, 'min_price': 2764, ...}, ...], 'last_updated': '2025-12-07 00:03', 'location': '', 'mandi': ' Mandi', ...}, 'source': 'Enhanced Market Simulation', 'status': 'success'}

advisory\tests\test_services_comprehensive.py:25: AssertionError
---------------------------- Captured stdout call -----------------------------
DEBUG: Attempting Agmarknet Fetch: https://agmarknet.gov.in/api/price?state=
DEBUG: Attempting e-NAM Fetch: https://enam.gov.in/api/market-prices?location=
------------------------------ Captured log call ------------------------------
WARNING  advisory.services.ultra_dynamic_government_api:ultra_dynamic_government_api.py:495 Agmarknet returned HTML, skipping parse
WARNING  advisory.services.ultra_dynamic_government_api:ultra_dynamic_government_api.py:528 No data found from real-time sources
ERROR    advisory.services.ultra_dynamic_government_api:ultra_dynamic_government_api.py:1587 Error in get_market_prices_v2: 'str' object has no attribute 'get'
______________ test_market_prices_location_resilience[   -True] _______________

location = '   ', expected_valid = True

    @pytest.mark.parametrize("location, expected_valid", [
        ("Delhi", True),
        ("Mumbai", True),
        ("Bangalore", True),
        ("Chennai", True),
        ("Kolkata", True),
        ("UnknownCity123", True), # Should fall back to simulation
        ("", True), # Should handle empty string gracefully
        ("   ", True),
        ("NonExistentPlace", True),
    ])
    def test_market_prices_location_resilience(location, expected_valid):
        """Verify market price service handles any string input without crashing"""
        api = UltraDynamicGovernmentAPI()
        result = api.get_market_prices_v2(location)
        assert result['status'] == 'success'
>       assert 'market_prices' in result
E       AssertionError: assert 'market_prices' in {'data': {'commodities': [{'arrival_date': '07/12/2025', 'commodity': 'Wheat', 'max_price': 2514, 'min_price': 2314, ...}, {'arrival_date': '07/12/2025', 'commodity': 'Rice', 'max_price': 3357, 'min_price': 3157, ...}, {'arrival_date': '07/12/2025', 'commodity': 'Mustard', 'max_price': 5434, 'min_price': 5234, ...}, {'arrival_date': '07/12/2025', 'commodity': 'Potato', 'max_price': 1222, 'min_price': 1022, ...}, {'arrival_date': '07/12/2025', 'commodity': 'Onion', 'max_price': 3504, 'min_price': 3304, ...}, {'arrival_date': '07/12/2025', 'commodity': 'Tomato', 'max_price': 2982, 'min_price': 2782, ...}, ...], 'last_updated': '2025-12-07 00:03', 'location': '   ', 'mandi': '    Mandi', ...}, 'source': 'Enhanced Market Simulation', 'status': 'success'}

advisory\tests\test_services_comprehensive.py:25: AssertionError
---------------------------- Captured stdout call -----------------------------
DEBUG: Attempting Agmarknet Fetch: https://agmarknet.gov.in/api/price?state=   
DEBUG: Attempting e-NAM Fetch: https://enam.gov.in/api/market-prices?location=   
------------------------------ Captured log call ------------------------------
WARNING  advisory.services.ultra_dynamic_government_api:ultra_dynamic_government_api.py:495 Agmarknet returned HTML, skipping parse
WARNING  advisory.services.ultra_dynamic_government_api:ultra_dynamic_government_api.py:528 No data found from real-time sources
ERROR    advisory.services.ultra_dynamic_government_api:ultra_dynamic_government_api.py:1587 Error in get_market_prices_v2: 'str' object has no attribute 'get'
________ test_market_prices_location_resilience[NonExistentPlace-True] ________

location = 'NonExistentPlace', expected_valid = True

    @pytest.mark.parametrize("location, expected_valid", [
        ("Delhi", True),
        ("Mumbai", True),
        ("Bangalore", True),
        ("Chennai", True),
        ("Kolkata", True),
        ("UnknownCity123", True), # Should fall back to simulation
        ("", True), # Should handle empty string gracefully
        ("   ", True),
        ("NonExistentPlace", True),
    ])
    def test_market_prices_location_resilience(location, expected_valid):
        """Verify market price service handles any string input without crashing"""
        api = UltraDynamicGovernmentAPI()
        result = api.get_market_prices_v2(location)
        assert result['status'] == 'success'
>       assert 'market_prices' in result
E       AssertionError: assert 'market_prices' in {'data': {'commodities': [{'arrival_date': '07/12/2025', 'commodity': 'Wheat', 'max_price': 2561, 'min_price': 2361, ...}, {'arrival_date': '07/12/2025', 'commodity': 'Rice', 'max_price': 3232, 'min_price': 3032, ...}, {'arrival_date': '07/12/2025', 'commodity': 'Mustard', 'max_price': 5465, 'min_price': 5265, ...}, {'arrival_date': '07/12/2025', 'commodity': 'Potato', 'max_price': 1343, 'min_price': 1143, ...}, {'arrival_date': '07/12/2025', 'commodity': 'Onion', 'max_price': 3562, 'min_price': 3362, ...}, {'arrival_date': '07/12/2025', 'commodity': 'Tomato', 'max_price': 2824, 'min_price': 2624, ...}, ...], 'last_updated': '2025-12-07 00:03', 'location': 'NonExistentPlace', 'mandi': 'NonExistentPlace Mandi', ...}, 'source': 'Enhanced Market Simulation', 'status': 'success'}

advisory\tests\test_services_comprehensive.py:25: AssertionError
---------------------------- Captured stdout call -----------------------------
DEBUG: Attempting Agmarknet Fetch: https://agmarknet.gov.in/api/price?state=NonExistentPlace
DEBUG: Attempting e-NAM Fetch: https://enam.gov.in/api/market-prices?location=NonExistentPlace
------------------------------ Captured log call ------------------------------
WARNING  advisory.services.ultra_dynamic_government_api:ultra_dynamic_government_api.py:495 Agmarknet returned HTML, skipping parse
WARNING  advisory.services.ultra_dynamic_government_api:ultra_dynamic_government_api.py:528 No data found from real-time sources
ERROR    advisory.services.ultra_dynamic_government_api:ultra_dynamic_government_api.py:1587 Error in get_market_prices_v2: 'str' object has no attribute 'get'
============================== warnings summary ===============================
advisory/tests/test_services_comprehensive.py::test_market_prices_location_resilience[Delhi-True]
advisory/tests/test_services_comprehensive.py::test_market_prices_location_resilience[Mumbai-True]
advisory/tests/test_services_comprehensive.py::test_market_prices_location_resilience[Bangalore-True]
advisory/tests/test_services_comprehensive.py::test_market_prices_location_resilience[Chennai-True]
advisory/tests/test_services_comprehensive.py::test_market_prices_location_resilience[Kolkata-True]
advisory/tests/test_services_comprehensive.py::test_market_prices_location_resilience[UnknownCity123-True]
advisory/tests/test_services_comprehensive.py::test_market_prices_location_resilience[-True]
advisory/tests/test_services_comprehensive.py::test_market_prices_location_resilience[   -True]
advisory/tests/test_services_comprehensive.py::test_market_prices_location_resilience[NonExistentPlace-True]
  C:\Users\mishr\AppData\Local\Programs\Python\Python313\Lib\site-packages\urllib3\connectionpool.py:1097: InsecureRequestWarning: Unverified HTTPS request is being made to host 'agmarknet.gov.in'. Adding certificate verification is strongly advised. See: https://urllib3.readthedocs.io/en/latest/advanced-usage.html#tls-warnings
    warnings.warn(

advisory/tests/test_services_comprehensive.py::test_market_prices_location_resilience[Delhi-True]
advisory/tests/test_services_comprehensive.py::test_market_prices_location_resilience[Mumbai-True]
advisory/tests/test_services_comprehensive.py::test_market_prices_location_resilience[Bangalore-True]
advisory/tests/test_services_comprehensive.py::test_market_prices_location_resilience[Chennai-True]
advisory/tests/test_services_comprehensive.py::test_market_prices_location_resilience[Kolkata-True]
advisory/tests/test_services_comprehensive.py::test_market_prices_location_resilience[UnknownCity123-True]
advisory/tests/test_services_comprehensive.py::test_market_prices_location_resilience[-True]
advisory/tests/test_services_comprehensive.py::test_market_prices_location_resilience[   -True]
advisory/tests/test_services_comprehensive.py::test_market_prices_location_resilience[NonExistentPlace-True]
  C:\Users\mishr\AppData\Local\Programs\Python\Python313\Lib\site-packages\urllib3\connectionpool.py:1097: InsecureRequestWarning: Unverified HTTPS request is being made to host 'enam.gov.in'. Adding certificate verification is strongly advised. See: https://urllib3.readthedocs.io/en/latest/advanced-usage.html#tls-warnings
    warnings.warn(

-- Docs: https://docs.pytest.org/en/stable/how-to/capture-warnings.html
=========================== short test summary info ===========================
FAILED advisory/tests/test_services_comprehensive.py::test_market_prices_location_resilience[Delhi-True]
FAILED advisory/tests/test_services_comprehensive.py::test_market_prices_location_resilience[Mumbai-True]
FAILED advisory/tests/test_services_comprehensive.py::test_market_prices_location_resilience[Bangalore-True]
FAILED advisory/tests/test_services_comprehensive.py::test_market_prices_location_resilience[Chennai-True]
FAILED advisory/tests/test_services_comprehensive.py::test_market_prices_location_resilience[Kolkata-True]
FAILED advisory/tests/test_services_comprehensive.py::test_market_prices_location_resilience[UnknownCity123-True]
FAILED advisory/tests/test_services_comprehensive.py::test_market_prices_location_resilience[-True]
FAILED advisory/tests/test_services_comprehensive.py::test_market_prices_location_resilience[   -True]
FAILED advisory/tests/test_services_comprehensive.py::test_market_prices_location_resilience[NonExistentPlace-True]
================ 9 failed, 40 deselected, 18 warnings in 6.88s ================
